[Object1 instance, Object2 instance]
pogg
Not pogg
[Container instance, 3.1414, this is a string]
[ok, 2, nice!, 4, Lets gooo!]
[modified, corrupted]
corrupted
