[1, 2, 3, 4]
[a, b, c, d]
[true, false, null, false]
[1, 3, 4]
[a, b, d]
[true, false, null]
[1, 3, 4, 1, 3, 4]
[a, b, d, a, b, d, a, b, d, a, b, d, a, b, d, a, b, d, a, b, d, a, b, d, a, b, d, a, b, d]
[true, false, null]
6
30
3
