2
3
6
5
-5
hello world!
-1
This is: 6
2
Hello world!
7
1
0
