0
1
2
0
1
2
3
4
Broke out of while loop!
10
9
8
7
6
5
4
3
2
1
3
2
1
2
1
1
J is zero
Cur num is 0
Cur num is 2
