Hello World!
Bye bye world!
4
5
6
7
8
9
XD
XD
XD
XD
XD
XD
XD Again
XD Again
3
17
test
testtest
testtest
Hi
