ANDY IS POG
ANDY IS POG
ANDY IS POG
1.4
2.3
3.2
4.1
5
5.9
6.8
5.9
5
4.1
3.2
2.3
IT WORKS!!!
IT WORKS!!!
IT WORKS!!!
IT WORKS!!!
2
2.33
2.66
2.66
