0
1
2
7
8
9
0
1
2
7
8
9
J is 0
J is 1
Number is odd
Number is even
Number is even
Number is even
Number is even
Number is odd
Number is even
Number is even
Number is even
Number is odd
Number is even
Number is even
Number is odd
Number is even
Number is odd
J is 2
J is 3
Number is odd
Number is even
Number is even
Number is even
Number is odd
Number is even
Number is even
Number is odd
Number is even
Number is odd
J is 4
J is 5
Number is odd
Number is even
Number is even
Number is odd
Number is even
Number is odd
J is 6
J is 7
Number is odd
Number is even
Number is odd
J is 8
J is 9
Number is odd
