false
false
null
null
true
true
true
false
false
true
oktesttest123123
string
number
stringnumbernullboolean
true
