Andy played some games.
1
Andy played some games.
1
Yunze played some games.
1
Yunze played some games.
1
Yunze played some games.
Yunze played some games.
