0
1
1
1
1
120
true
true
false
false
false
true
0
8
100000
