B's b
From class B
B's b
From class A
d
A's a
A's c
