Andy did some workout.
Current weight: 
75.2
Andy aged.
Current age: 
19
Current height: 
182.5
Salary:
300000
New job is: CEO
Salary: 
0
