true
true
true
string
number
null
boolean
function
function
null
class
A
function
number
number
