5
0
1
8
11
17
true
5
Object ID is: 0
Object ID is: 0
Object ID is: 1
Object ID is: 8
Object ID is: 11
Object ID is: 17
Object ID is: 17
