Object constructed
false
3
Object instance
2
Hello world!
1
3.14159
true
0
