Object constructed
false
3
3.14159
2
Hello world!
1
Object instance
true
0
