Hello world!
Andy is pog.
And Yunze is awesome!
true
false
